------------------------------------------------------------
TimeQuest Timing Analyzer Summary
------------------------------------------------------------

Type  : Slow Model Setup 'CLOCK_50'
Slack : -3.741
TNS   : -79.249

Type  : Slow Model Setup 'servolinked:servoVertical|servoclk:servoclk_map|temporal'
Slack : -1.667
TNS   : -13.871

Type  : Slow Model Setup 'servolinked:servoHorizontal|servoclk:servoclk_map|temporal'
Slack : -1.650
TNS   : -13.592

Type  : Slow Model Setup 'GPIO_1[2]'
Slack : -0.095
TNS   : -0.320

Type  : Slow Model Hold 'CLOCK_50'
Slack : -2.517
TNS   : -5.034

Type  : Slow Model Hold 'servolinked:servoVertical|servoclk:servoclk_map|temporal'
Slack : 0.530
TNS   : 0.000

Type  : Slow Model Hold 'GPIO_1[2]'
Slack : 0.690
TNS   : 0.000

Type  : Slow Model Hold 'servolinked:servoHorizontal|servoclk:servoclk_map|temporal'
Slack : 0.736
TNS   : 0.000

Type  : Slow Model Minimum Pulse Width 'GPIO_1[2]'
Slack : -1.777
TNS   : -19.777

Type  : Slow Model Minimum Pulse Width 'CLOCK_50'
Slack : -1.380
TNS   : -32.380

Type  : Slow Model Minimum Pulse Width 'servolinked:servoHorizontal|servoclk:servoclk_map|temporal'
Slack : -0.500
TNS   : -12.000

Type  : Slow Model Minimum Pulse Width 'servolinked:servoVertical|servoclk:servoclk_map|temporal'
Slack : -0.500
TNS   : -12.000

Type  : Fast Model Setup 'CLOCK_50'
Slack : -1.001
TNS   : -18.085

Type  : Fast Model Setup 'servolinked:servoHorizontal|servoclk:servoclk_map|temporal'
Slack : -0.214
TNS   : -0.868

Type  : Fast Model Setup 'servolinked:servoVertical|servoclk:servoclk_map|temporal'
Slack : -0.196
TNS   : -0.934

Type  : Fast Model Setup 'GPIO_1[2]'
Slack : 0.460
TNS   : 0.000

Type  : Fast Model Hold 'CLOCK_50'
Slack : -1.560
TNS   : -3.373

Type  : Fast Model Hold 'servolinked:servoVertical|servoclk:servoclk_map|temporal'
Slack : 0.243
TNS   : 0.000

Type  : Fast Model Hold 'servolinked:servoHorizontal|servoclk:servoclk_map|temporal'
Slack : 0.338
TNS   : 0.000

Type  : Fast Model Hold 'GPIO_1[2]'
Slack : 0.343
TNS   : 0.000

Type  : Fast Model Minimum Pulse Width 'GPIO_1[2]'
Slack : -1.777
TNS   : -19.777

Type  : Fast Model Minimum Pulse Width 'CLOCK_50'
Slack : -1.380
TNS   : -32.380

Type  : Fast Model Minimum Pulse Width 'servolinked:servoHorizontal|servoclk:servoclk_map|temporal'
Slack : -0.500
TNS   : -12.000

Type  : Fast Model Minimum Pulse Width 'servolinked:servoVertical|servoclk:servoclk_map|temporal'
Slack : -0.500
TNS   : -12.000

------------------------------------------------------------
