------------------------------------------------------------
TimeQuest Timing Analyzer Summary
------------------------------------------------------------

Type  : Slow Model Setup 'servolinked:servoHorizontal|servoclk:servoclk_map|temporal'
Slack : -1.680
TNS   : -13.220

Type  : Slow Model Setup 'servolinked:servoVertical|servoclk:servoclk_map|temporal'
Slack : -1.591
TNS   : -12.999

Type  : Slow Model Setup 'CLOCK_50'
Slack : -1.588
TNS   : -13.431

Type  : Slow Model Hold 'CLOCK_50'
Slack : -2.541
TNS   : -5.082

Type  : Slow Model Hold 'servolinked:servoHorizontal|servoclk:servoclk_map|temporal'
Slack : 0.530
TNS   : 0.000

Type  : Slow Model Hold 'servolinked:servoVertical|servoclk:servoclk_map|temporal'
Slack : 0.801
TNS   : 0.000

Type  : Slow Model Minimum Pulse Width 'CLOCK_50'
Slack : -1.380
TNS   : -12.380

Type  : Slow Model Minimum Pulse Width 'servolinked:servoHorizontal|servoclk:servoclk_map|temporal'
Slack : -0.500
TNS   : -12.000

Type  : Slow Model Minimum Pulse Width 'servolinked:servoVertical|servoclk:servoclk_map|temporal'
Slack : -0.500
TNS   : -12.000

Type  : Fast Model Setup 'CLOCK_50'
Slack : -0.248
TNS   : -0.930

Type  : Fast Model Setup 'servolinked:servoHorizontal|servoclk:servoclk_map|temporal'
Slack : -0.238
TNS   : -0.666

Type  : Fast Model Setup 'servolinked:servoVertical|servoclk:servoclk_map|temporal'
Slack : -0.191
TNS   : -0.590

Type  : Fast Model Hold 'CLOCK_50'
Slack : -1.585
TNS   : -3.170

Type  : Fast Model Hold 'servolinked:servoHorizontal|servoclk:servoclk_map|temporal'
Slack : 0.243
TNS   : 0.000

Type  : Fast Model Hold 'servolinked:servoVertical|servoclk:servoclk_map|temporal'
Slack : 0.358
TNS   : 0.000

Type  : Fast Model Minimum Pulse Width 'CLOCK_50'
Slack : -1.380
TNS   : -12.380

Type  : Fast Model Minimum Pulse Width 'servolinked:servoHorizontal|servoclk:servoclk_map|temporal'
Slack : -0.500
TNS   : -12.000

Type  : Fast Model Minimum Pulse Width 'servolinked:servoVertical|servoclk:servoclk_map|temporal'
Slack : -0.500
TNS   : -12.000

------------------------------------------------------------
